<?xml version="1.0" encoding="utf-8"?><testsuites><testsuite name="pytest" errors="0" failures="0" skipped="5" tests="31" time="0.529" timestamp="2025-11-27T16:43:12.010753" hostname="francesca-Precision-3590"><testcase classname="src.tests.test_data_loaders.TestLoadPointCloudsFromNpy" name="test_load_existing_file" file="src/tests/test_data_loaders.py" line="17" time="0.002" /><testcase classname="src.tests.test_data_loaders.TestLoadPointCloudsFromNpy" name="test_load_nonexistent_file" file="src/tests/test_data_loaders.py" line="29" time="0.000" /><testcase classname="src.tests.test_data_loaders.TestLoadTrajectoryFromTum" name="test_load_existing_file" file="src/tests/test_data_loaders.py" line="38" time="0.001" /><testcase classname="src.tests.test_data_loaders.TestLoadTrajectoryFromTum" name="test_load_nonexistent_file" file="src/tests/test_data_loaders.py" line="56" time="0.000" /><testcase classname="src.tests.test_data_loaders.TestLoadTrajectoryFromTum" name="test_skip_comments" file="src/tests/test_data_loaders.py" line="61" time="0.000" /><testcase classname="src.tests.test_metrics.TestLocalizationError" name="test_ate_identical_trajectories" file="src/tests/test_metrics.py" line="21" time="0.001" /><testcase classname="src.tests.test_metrics.TestLocalizationError" name="test_ate_offset_trajectories" file="src/tests/test_metrics.py" line="27" time="0.001" /><testcase classname="src.tests.test_metrics.TestLocalizationError" name="test_rpe_identical_trajectories" file="src/tests/test_metrics.py" line="35" time="0.000" /><testcase classname="src.tests.test_metrics.TestLocalizationError" name="test_final_position_error" file="src/tests/test_metrics.py" line="41" time="0.000" /><testcase classname="src.tests.test_metrics.TestLocalizationError" name="test_empty_trajectory_returns_inf" file="src/tests/test_metrics.py" line="48" time="0.000" /><testcase classname="src.tests.test_metrics.TestImperceptibility" name="test_l2_identical_clouds" file="src/tests/test_metrics.py" line="59" time="0.000" /><testcase classname="src.tests.test_metrics.TestImperceptibility" name="test_l2_known_perturbation" file="src/tests/test_metrics.py" line="65" time="0.000" /><testcase classname="src.tests.test_metrics.TestImperceptibility" name="test_linf_norm" file="src/tests/test_metrics.py" line="73" time="0.000" /><testcase classname="src.tests.test_metrics.TestMultiObjectiveFitness" name="test_perfect_slam_zero_perturbation" file="src/tests/test_metrics.py" line="85" time="0.000" /><testcase classname="src.tests.test_metrics.TestNormalization" name="test_minmax_normalization" file="src/tests/test_metrics.py" line="103" time="0.000" /><testcase classname="src.tests.test_nsga2_optimization.TestNSGA2Integration" name="test_pymoo_problem_setup" file="src/tests/test_nsga2_optimization.py" line="35" time="0.000"><skipped type="pytest.skip" message="pymoo not installed">/home/francesca/mola-adversarial-nsga2/src/tests/test_nsga2_optimization.py:36: pymoo not installed</skipped></testcase><testcase classname="src.tests.test_nsga2_optimization.TestNSGA2Integration" name="test_nsga2_optimization_runs" file="src/tests/test_nsga2_optimization.py" line="66" time="0.000"><skipped type="pytest.skip" message="pymoo not installed">/home/francesca/mola-adversarial-nsga2/src/tests/test_nsga2_optimization.py:67: pymoo not installed</skipped></testcase><testcase classname="src.tests.test_nsga2_optimization.TestNSGA2Integration" name="test_pareto_front_properties" file="src/tests/test_nsga2_optimization.py" line="120" time="0.000"><skipped type="pytest.skip" message="pymoo not installed">/home/francesca/mola-adversarial-nsga2/src/tests/test_nsga2_optimization.py:121: pymoo not installed</skipped></testcase><testcase classname="src.tests.test_nsga2_optimization.TestNSGA2Integration" name="test_fitness_with_perturbation_generator" file="src/tests/test_nsga2_optimization.py" line="173" time="0.000"><skipped type="pytest.skip" message="pymoo not installed">/home/francesca/mola-adversarial-nsga2/src/tests/test_nsga2_optimization.py:174: pymoo not installed</skipped></testcase><testcase classname="src.tests.test_nsga2_optimization.TestHistoryCallback" name="test_callback_saves_history" file="src/tests/test_nsga2_optimization.py" line="206" time="0.000"><skipped type="pytest.skip" message="pymoo not installed">/home/francesca/mola-adversarial-nsga2/src/tests/test_nsga2_optimization.py:207: pymoo not installed</skipped></testcase><testcase classname="src.tests.test_perturbation_generator.TestPerturbationGenerator" name="test_genome_size" file="src/tests/test_perturbation_generator.py" line="30" time="0.001" /><testcase classname="src.tests.test_perturbation_generator.TestPerturbationGenerator" name="test_random_genome_shape" file="src/tests/test_perturbation_generator.py" line="34" time="0.001" /><testcase classname="src.tests.test_perturbation_generator.TestPerturbationGenerator" name="test_random_genome_batch" file="src/tests/test_perturbation_generator.py" line="40" time="0.001" /><testcase classname="src.tests.test_perturbation_generator.TestPerturbationGenerator" name="test_encode_perturbation" file="src/tests/test_perturbation_generator.py" line="46" time="0.001" /><testcase classname="src.tests.test_perturbation_generator.TestPerturbationGenerator" name="test_apply_perturbation_shape" file="src/tests/test_perturbation_generator.py" line="60" time="0.008" /><testcase classname="src.tests.test_perturbation_generator.TestPerturbationGenerator" name="test_apply_perturbation_deterministic" file="src/tests/test_perturbation_generator.py" line="69" time="0.022" /><testcase classname="src.tests.test_perturbation_generator.TestPerturbationGenerator" name="test_zero_perturbation" file="src/tests/test_perturbation_generator.py" line="79" time="0.009" /><testcase classname="src.tests.test_perturbation_generator.TestPerturbationGenerator" name="test_chamfer_distance_identical" file="src/tests/test_perturbation_generator.py" line="92" time="0.001" /><testcase classname="src.tests.test_perturbation_generator.TestPerturbationGenerator" name="test_chamfer_distance_shifted" file="src/tests/test_perturbation_generator.py" line="97" time="0.001" /><testcase classname="src.tests.test_perturbation_generator.TestPerturbationGenerator" name="test_perturbation_magnitude" file="src/tests/test_perturbation_generator.py" line="106" time="0.010" /><testcase classname="src.tests.test_perturbation_generator.TestPerturbationGenerator" name="test_curvature_computation" file="src/tests/test_perturbation_generator.py" line="118" time="0.007" /></testsuite></testsuites>